<?xml version="1.0" encoding="UTF-8"?><mappingRoot xmlns="http://www.ibm.com/2008/ccl/Mapping" domainID="com.ibm.msl.mapping.xml" domainIDExtension="mb" mainMap="true" targetNamespace="default" version="8.0.5.0" xmlns:map="default">
    <inlinedXMLSchema><![CDATA[<?xml version="1.0" encoding="UTF-8"?><xsd:schema xmlns:xsd="http://www.w3.org/2001/XMLSchema">  
              <xsd:element name="ErrorDescription" nillable="true" type="xsd:string"/> 
    <xsd:element name="StoreCode" nillable="true" type="xsd:string"/> 
</xsd:schema>]]></inlinedXMLSchema>
    <input path="mbsharedlib://SharedLib_Select_Map_Dynamically/CustomerOrdersPerStore.xsd" var="var5"/>
    <input inlinedXMLSchema="true" path="../schema_0.xsd" var="var4"/>
    <output path="jar:file://!com/ibm/etools/mft/map/xsds/predefined/JsonDomainMsg.xsd" var="var3"/>
    <namespaces>
        <namespace kind="supplement" prefix="in" uri="http://gdm/schema/models"/>
        <namespace kind="supplement" prefix="out" uri="http://www.ibm.com/iib/msl/json"/>
    </namespaces>
    <generation engine="xquery"/>
    <mappingDeclaration name="GDM_Transformation_when_mapping_routine_not_set_dynamically">
        <input namespace="http://gdm/schema/models" path="$var5/mb:msg(CustomerOrdersPerStore,assembly,XMLNSC,Properties)"/>
        <output namespace="http://www.ibm.com/iib/msl/json" path="$var3/mb:msg(JSON,assembly,JSON,Properties)">
            <cast castType="userDefined" path="JSON/Data/type('anyType')" qualifier="{http://www.ibm.com/iib/msl/json}JSONObject" ref="var3"/>
            <cast castType="userDefined" path="JSON/spath('Data',2)/any" qualifier="StoreCode" ref="var4"/>
            <cast castType="userDefined" path="JSON/spath('Data',2)/any" qualifier="ErrorDescription" ref="var4"/>
        </output>
        <move>
            <input path="Properties"/>
            <output path="Properties"/>
            <override>
                <assign value="">
                    <output path="Properties/MessageSet"/>
                </assign>
                <assign value="">
                    <output path="Properties/MessageType"/>
                </assign>
                <assign value="">
                    <output path="Properties/MessageFormat"/>
                </assign>
            </override>
        </move>
        <assign value="The map to transform the message has NOT been set.">
            <output path="JSON/spath('Data',2)/ErrorDescription"/>
        </assign>
        <move>
            <input path="CustomerOrdersPerStore/StoreCode"/>
            <output path="JSON/spath('Data',2)/StoreCode"/>
        </move>
    </mappingDeclaration>
</mappingRoot>